> install.packages("https://cran.rstudio.com/bin/windows/contrib/3.4/koNLP_0.80.1.zip", repos = NULL)
WARNING: Rtools is required to build R packages but is not currently installed. Please download and install the appropriate version of Rtools before proceeding:

https://cran.rstudio.com/bin/windows/Rtools/
Installing package into ‘C:/Users/ADMIN/Documents/R/win-library/3.6’
(as ‘lib’ is unspecified)
URL 'https://cran.rstudio.com/bin/windows/contrib/3.4/koNLP_0.80.1.zip'을 시도합니다
Warning in install.packages :
  cannot open URL 'https://cran.rstudio.com/bin/windows/contrib/3.4/koNLP_0.80.1.zip': HTTP status was '404 Not Found'
Error in download.file(p, destfile, method, mode = "wb", ...) : 
  URL 'https://cran.rstudio.com/bin/windows/contrib/3.4/koNLP_0.80.1.zip'를 열 수 없습니다
> install.packages("https://cran.rstudio.com/bin/windows/contrib/3.4/koNLP_0.80.1.zip", repos = NULL)
WARNING: Rtools is required to build R packages but is not currently installed. Please download and install the appropriate version of Rtools before proceeding:

https://cran.rstudio.com/bin/windows/Rtools/
Installing package into ‘C:/Users/ADMIN/Documents/R/win-library/3.6’
(as ‘lib’ is unspecified)
URL 'https://cran.rstudio.com/bin/windows/contrib/3.4/koNLP_0.80.1.zip'을 시도합니다
Warning in install.packages :
  cannot open URL 'https://cran.rstudio.com/bin/windows/contrib/3.4/koNLP_0.80.1.zip': HTTP status was '404 Not Found'
Error in download.file(p, destfile, method, mode = "wb", ...) : 
  URL 'https://cran.rstudio.com/bin/windows/contrib/3.4/koNLP_0.80.1.zip'를 열 수 없습니다
> install.packages("https://cran.rstudio.com/bin/windows/contrib/3.4/koNLP_0.80.1.zip", repos = NULL)
WARNING: Rtools is required to build R packages but is not currently installed. Please download and install the appropriate version of Rtools before proceeding:

https://cran.rstudio.com/bin/windows/Rtools/
Installing package into ‘C:/Users/ADMIN/Documents/R/win-library/3.6’
(as ‘lib’ is unspecified)
URL 'https://cran.rstudio.com/bin/windows/contrib/3.4/koNLP_0.80.1.zip'을 시도합니다
Warning in install.packages :
  cannot open URL 'https://cran.rstudio.com/bin/windows/contrib/3.4/koNLP_0.80.1.zip': HTTP status was '404 Not Found'
Error in download.file(p, destfile, method, mode = "wb", ...) : 
  URL 'https://cran.rstudio.com/bin/windows/contrib/3.4/koNLP_0.80.1.zip'를 열 수 없습니다
> install.packages("https://cran.rstudio.com/bin/windows/contrib/3.4/koNLP_0.80.1.zip", repos=NULL)
WARNING: Rtools is required to build R packages but is not currently installed. Please download and install the appropriate version of Rtools before proceeding:

https://cran.rstudio.com/bin/windows/Rtools/
Installing package into ‘C:/Users/ADMIN/Documents/R/win-library/3.6’
(as ‘lib’ is unspecified)
URL 'https://cran.rstudio.com/bin/windows/contrib/3.4/koNLP_0.80.1.zip'을 시도합니다
Warning in install.packages :
  cannot open URL 'https://cran.rstudio.com/bin/windows/contrib/3.4/koNLP_0.80.1.zip': HTTP status was '404 Not Found'
Error in download.file(p, destfile, method, mode = "wb", ...) : 
  URL 'https://cran.rstudio.com/bin/windows/contrib/3.4/koNLP_0.80.1.zip'를 열 수 없습니다
> install.packages("https://cran.rstudio.com/bin/windows/contrib/3.4/koNLP_0.80.1.zip", repos=NULL)
WARNING: Rtools is required to build R packages but is not currently installed. Please download and install the appropriate version of Rtools before proceeding:

https://cran.rstudio.com/bin/windows/Rtools/
Installing package into ‘C:/Users/ADMIN/Documents/R/win-library/3.6’
(as ‘lib’ is unspecified)
URL 'https://cran.rstudio.com/bin/windows/contrib/3.4/koNLP_0.80.1.zip'을 시도합니다
Warning in install.packages :
  cannot open URL 'https://cran.rstudio.com/bin/windows/contrib/3.4/koNLP_0.80.1.zip': HTTP status was '404 Not Found'
Error in download.file(p, destfile, method, mode = "wb", ...) : 
  URL 'https://cran.rstudio.com/bin/windows/contrib/3.4/koNLP_0.80.1.zip'를 열 수 없습니다
> install.packages("https://cran.rstudio.com/bin/windows/contrib/3.4/KoNLP_0.80.1.zip", repos = NULL)
WARNING: Rtools is required to build R packages but is not currently installed. Please download and install the appropriate version of Rtools before proceeding:

https://cran.rstudio.com/bin/windows/Rtools/
Installing package into ‘C:/Users/ADMIN/Documents/R/win-library/3.6’
(as ‘lib’ is unspecified)
URL 'https://cran.rstudio.com/bin/windows/contrib/3.4/KoNLP_0.80.1.zip'을 시도합니다
Content type 'application/zip' length 5867237 bytes (5.6 MB)
downloaded 5.6 MB

package ‘KoNLP’ successfully unpacked and MD5 sums checked
> install.packages("Sejong")
WARNING: Rtools is required to build R packages but is not currently installed. Please download and install the appropriate version of Rtools before proceeding:

https://cran.rstudio.com/bin/windows/Rtools/
Installing package into ‘C:/Users/ADMIN/Documents/R/win-library/3.6’
(as ‘lib’ is unspecified)
URL 'https://cran.rstudio.com/bin/windows/contrib/3.6/Sejong_0.01.zip'을 시도합니다
Content type 'application/zip' length 1617819 bytes (1.5 MB)
downloaded 1.5 MB

package ‘Sejong’ successfully unpacked and MD5 sums checked

The downloaded binary packages are in
	C:\Users\ADMIN\AppData\Local\Temp\Rtmp6x51Dl\downloaded_packages
> install.packages("wordcloud")
WARNING: Rtools is required to build R packages but is not currently installed. Please download and install the appropriate version of Rtools before proceeding:

https://cran.rstudio.com/bin/windows/Rtools/
Installing package into ‘C:/Users/ADMIN/Documents/R/win-library/3.6’
(as ‘lib’ is unspecified)
URL 'https://cran.rstudio.com/bin/windows/contrib/3.6/wordcloud_2.6.zip'을 시도합니다
Content type 'application/zip' length 599293 bytes (585 KB)
downloaded 585 KB

package ‘wordcloud’ successfully unpacked and MD5 sums checked

The downloaded binary packages are in
	C:\Users\ADMIN\AppData\Local\Temp\Rtmp6x51Dl\downloaded_packages
> install.packages("tm")
WARNING: Rtools is required to build R packages but is not currently installed. Please download and install the appropriate version of Rtools before proceeding:

https://cran.rstudio.com/bin/windows/Rtools/
Installing package into ‘C:/Users/ADMIN/Documents/R/win-library/3.6’
(as ‘lib’ is unspecified)

  There is a binary version
  available but the source version
  is later:
   binary source needs_compilation
tm  0.7-7  0.7-8              TRUE

  Binaries will be installed
URL 'https://cran.rstudio.com/bin/windows/contrib/3.6/tm_0.7-7.zip'을 시도합니다
Content type 'application/zip' length 1370369 bytes (1.3 MB)
downloaded 1.3 MB

package ‘tm’ successfully unpacked and MD5 sums checked

The downloaded binary packages are in
	C:\Users\ADMIN\AppData\Local\Temp\Rtmp6x51Dl\downloaded_packages
> install.packages("hash")
WARNING: Rtools is required to build R packages but is not currently installed. Please download and install the appropriate version of Rtools before proceeding:

https://cran.rstudio.com/bin/windows/Rtools/
Installing package into ‘C:/Users/ADMIN/Documents/R/win-library/3.6’
(as ‘lib’ is unspecified)
URL 'https://cran.rstudio.com/bin/windows/contrib/3.6/hash_2.2.6.1.zip'을 시도합니다
Content type 'application/zip' length 126228 bytes (123 KB)
downloaded 123 KB

package ‘hash’ successfully unpacked and MD5 sums checked

The downloaded binary packages are in
	C:\Users\ADMIN\AppData\Local\Temp\Rtmp6x51Dl\downloaded_packages
> install.packages("tau")
WARNING: Rtools is required to build R packages but is not currently installed. Please download and install the appropriate version of Rtools before proceeding:

https://cran.rstudio.com/bin/windows/Rtools/
Installing package into ‘C:/Users/ADMIN/Documents/R/win-library/3.6’
(as ‘lib’ is unspecified)
URL 'https://cran.rstudio.com/bin/windows/contrib/3.6/tau_0.0-21.zip'을 시도합니다
Content type 'application/zip' length 190037 bytes (185 KB)
downloaded 185 KB

package ‘tau’ successfully unpacked and MD5 sums checked

The downloaded binary packages are in
	C:\Users\ADMIN\AppData\Local\Temp\Rtmp6x51Dl\downloaded_packages
> install.packages("RSQLite")
WARNING: Rtools is required to build R packages but is not currently installed. Please download and install the appropriate version of Rtools before proceeding:

https://cran.rstudio.com/bin/windows/Rtools/
Installing package into ‘C:/Users/ADMIN/Documents/R/win-library/3.6’
(as ‘lib’ is unspecified)
URL 'https://cran.rstudio.com/bin/windows/contrib/3.6/RSQLite_2.2.1.zip'을 시도합니다
Content type 'application/zip' length 2313241 bytes (2.2 MB)
downloaded 2.2 MB

package ‘RSQLite’ successfully unpacked and MD5 sums checked

The downloaded binary packages are in
	C:\Users\ADMIN\AppData\Local\Temp\Rtmp6x51Dl\downloaded_packages
> install.packages("rJava")
WARNING: Rtools is required to build R packages but is not currently installed. Please download and install the appropriate version of Rtools before proceeding:

https://cran.rstudio.com/bin/windows/Rtools/
Installing package into ‘C:/Users/ADMIN/Documents/R/win-library/3.6’
(as ‘lib’ is unspecified)

  There is a binary version
  available but the source version
  is later:
      binary source needs_compilation
rJava 0.9-12 0.9-13              TRUE

  Binaries will be installed
URL 'https://cran.rstudio.com/bin/windows/contrib/3.6/rJava_0.9-12.zip'을 시도합니다
Content type 'application/zip' length 1214816 bytes (1.2 MB)
downloaded 1.2 MB

package ‘rJava’ successfully unpacked and MD5 sums checked

The downloaded binary packages are in
	C:\Users\ADMIN\AppData\Local\Temp\Rtmp6x51Dl\downloaded_packages
> install.packages("devtools")
WARNING: Rtools is required to build R packages but is not currently installed. Please download and install the appropriate version of Rtools before proceeding:

https://cran.rstudio.com/bin/windows/Rtools/
Installing package into ‘C:/Users/ADMIN/Documents/R/win-library/3.6’
(as ‘lib’ is unspecified)
also installing the dependencies ‘processx’, ‘usethis’, ‘callr’, ‘covr’, ‘DT’, ‘httr’, ‘jsonlite’, ‘pkgbuild’, ‘remotes’, ‘rlang’

URL 'https://cran.rstudio.com/bin/windows/contrib/3.6/processx_3.4.4.zip'을 시도합니다
Content type 'application/zip' length 488921 bytes (477 KB)
downloaded 477 KB

URL 'https://cran.rstudio.com/bin/windows/contrib/3.6/usethis_1.6.3.zip'을 시도합니다
Content type 'application/zip' length 603819 bytes (589 KB)
downloaded 589 KB

URL 'https://cran.rstudio.com/bin/windows/contrib/3.6/callr_3.5.1.zip'을 시도합니다
Content type 'application/zip' length 388856 bytes (379 KB)
downloaded 379 KB

URL 'https://cran.rstudio.com/bin/windows/contrib/3.6/covr_3.5.1.zip'을 시도합니다
Content type 'application/zip' length 306015 bytes (298 KB)
downloaded 298 KB

URL 'https://cran.rstudio.com/bin/windows/contrib/3.6/DT_0.16.zip'을 시도합니다
Content type 'application/zip' length 1749846 bytes (1.7 MB)
downloaded 1.7 MB

URL 'https://cran.rstudio.com/bin/windows/contrib/3.6/httr_1.4.2.zip'을 시도합니다
Content type 'application/zip' length 518419 bytes (506 KB)
downloaded 506 KB

URL 'https://cran.rstudio.com/bin/windows/contrib/3.6/jsonlite_1.7.1.zip'을 시도합니다
Content type 'application/zip' length 1169598 bytes (1.1 MB)
downloaded 1.1 MB

URL 'https://cran.rstudio.com/bin/windows/contrib/3.6/pkgbuild_1.1.0.zip'을 시도합니다
Content type 'application/zip' length 141518 bytes (138 KB)
downloaded 138 KB

URL 'https://cran.rstudio.com/bin/windows/contrib/3.6/remotes_2.2.0.zip'을 시도합니다
Content type 'application/zip' length 388686 bytes (379 KB)
downloaded 379 KB

URL 'https://cran.rstudio.com/bin/windows/contrib/3.6/rlang_0.4.8.zip'을 시도합니다
Content type 'application/zip' length 1150544 bytes (1.1 MB)
downloaded 1.1 MB

URL 'https://cran.rstudio.com/bin/windows/contrib/3.6/devtools_2.3.2.zip'을 시도합니다
Content type 'application/zip' length 339840 bytes (331 KB)
downloaded 331 KB

package ‘processx’ successfully unpacked and MD5 sums checked
package ‘usethis’ successfully unpacked and MD5 sums checked
package ‘callr’ successfully unpacked and MD5 sums checked
package ‘covr’ successfully unpacked and MD5 sums checked
package ‘DT’ successfully unpacked and MD5 sums checked
package ‘httr’ successfully unpacked and MD5 sums checked
package ‘jsonlite’ successfully unpacked and MD5 sums checked
package ‘pkgbuild’ successfully unpacked and MD5 sums checked
package ‘remotes’ successfully unpacked and MD5 sums checked
package ‘rlang’ successfully unpacked and MD5 sums checked
package ‘devtools’ successfully unpacked and MD5 sums checked

The downloaded binary packages are in
	C:\Users\ADMIN\AppData\Local\Temp\Rtmp6x51Dl\downloaded_packages
